// Jest Snapshot v1, https://goo.gl/fbAQLP

exports[`Paragraph component renders correctly with specified label and lightGray color 1`] = `
<Text
  style={
    [
      {
        "color": "#E6E3E6",
        "fontFamily": "FC Subject [Non-commercial] Reg",
        "fontSize": 18,
        "fontStyle": "normal",
        "fontWeight": "400",
        "lineHeight": 25.2,
        "textAlign": undefined,
        "textDecorationLine": undefined,
      },
    ]
  }
>
  Test Paragraph
</Text>
`;
