// Jest Snapshot v1, https://goo.gl/fbAQLP

exports[`Loader component renders correctly 1`] = `
<View
  style={
    {
      "alignItems": "center",
      "alignSelf": undefined,
      "backgroundColor": "rgba(1, 1, 1, 0.5)",
      "flex": 1,
      "flexDirection": undefined,
      "flexWrap": undefined,
      "height": 1334,
      "justifyContent": "center",
      "position": "absolute",
      "top": 0,
      "width": 750,
      "zIndex": 99,
    }
  }
>
  <View
    style={
      {
        "alignItems": "center",
        "alignSelf": undefined,
        "backgroundColor": "#ffffff",
        "borderRadius": 24,
        "elevation": 8,
        "flex": undefined,
        "flexDirection": undefined,
        "flexWrap": undefined,
        "height": 160,
        "justifyContent": "center",
        "shadowColor": "#000000",
        "shadowOffset": {
          "height": 4,
          "width": 0,
        },
        "shadowOpacity": 0.3,
        "shadowRadius": 4.65,
        "width": 160,
      }
    }
  >
    <ActivityIndicator
      color="#000000"
      size="small"
    />
  </View>
</View>
`;
